<!DOCTYPE html>
<html>
  <head>
    <meta charset="UTF-8">
    <title>Webpack App</title>
  </head>
  <body>
  <script type="text/javascript" src="main.js"></script><script type="text/javascript" src="obsolete.js"></script></body>
</html>